[29-Mar-2025 20:45:55 Asia/Manila] PHP Deprecated:  htmlspecialchars(): Passing null to parameter #1 ($string) of type string is deprecated in C:\xampp\htdocs\vibrantsmile-system\admin\dashboard.php on line 576
[29-Mar-2025 20:45:55 Asia/Manila] PHP Deprecated:  htmlspecialchars(): Passing null to parameter #1 ($string) of type string is deprecated in C:\xampp\htdocs\vibrantsmile-system\admin\dashboard.php on line 576
[29-Mar-2025 20:45:55 Asia/Manila] PHP Deprecated:  htmlspecialchars(): Passing null to parameter #1 ($string) of type string is deprecated in C:\xampp\htdocs\vibrantsmile-system\admin\dashboard.php on line 576
[29-Mar-2025 20:46:00 Asia/Manila] PHP Deprecated:  htmlspecialchars(): Passing null to parameter #1 ($string) of type string is deprecated in C:\xampp\htdocs\vibrantsmile-system\admin\dashboard.php on line 576
[29-Mar-2025 20:46:00 Asia/Manila] PHP Deprecated:  htmlspecialchars(): Passing null to parameter #1 ($string) of type string is deprecated in C:\xampp\htdocs\vibrantsmile-system\admin\dashboard.php on line 576
[29-Mar-2025 20:46:00 Asia/Manila] PHP Deprecated:  htmlspecialchars(): Passing null to parameter #1 ($string) of type string is deprecated in C:\xampp\htdocs\vibrantsmile-system\admin\dashboard.php on line 576
[29-Mar-2025 20:46:05 Asia/Manila] PHP Deprecated:  htmlspecialchars(): Passing null to parameter #1 ($string) of type string is deprecated in C:\xampp\htdocs\vibrantsmile-system\admin\dashboard.php on line 576
[29-Mar-2025 20:46:05 Asia/Manila] PHP Deprecated:  htmlspecialchars(): Passing null to parameter #1 ($string) of type string is deprecated in C:\xampp\htdocs\vibrantsmile-system\admin\dashboard.php on line 576
[29-Mar-2025 20:46:05 Asia/Manila] PHP Deprecated:  htmlspecialchars(): Passing null to parameter #1 ($string) of type string is deprecated in C:\xampp\htdocs\vibrantsmile-system\admin\dashboard.php on line 576
[29-Mar-2025 20:46:17 Asia/Manila] PHP Deprecated:  htmlspecialchars(): Passing null to parameter #1 ($string) of type string is deprecated in C:\xampp\htdocs\vibrantsmile-system\admin\dashboard.php on line 576
[29-Mar-2025 20:46:17 Asia/Manila] PHP Deprecated:  htmlspecialchars(): Passing null to parameter #1 ($string) of type string is deprecated in C:\xampp\htdocs\vibrantsmile-system\admin\dashboard.php on line 576
[29-Mar-2025 20:46:17 Asia/Manila] PHP Deprecated:  htmlspecialchars(): Passing null to parameter #1 ($string) of type string is deprecated in C:\xampp\htdocs\vibrantsmile-system\admin\dashboard.php on line 576
[29-Mar-2025 20:52:16 Asia/Manila] Required files loaded
[29-Mar-2025 20:52:16 Asia/Manila] Processing update for appointment ID: 139, status: approved
[29-Mar-2025 20:52:16 Asia/Manila] Preparing SQL: UPDATE appointments SET status = ? WHERE id = ?
[29-Mar-2025 20:52:16 Asia/Manila] Appointment status updated successfully
[29-Mar-2025 20:52:20 Asia/Manila] Required files loaded
[29-Mar-2025 20:52:20 Asia/Manila] Processing update for appointment ID: 139, status: completed
[29-Mar-2025 20:52:20 Asia/Manila] Preparing SQL: UPDATE appointments SET status = ? WHERE id = ?
[29-Mar-2025 20:52:20 Asia/Manila] Appointment status updated successfully
[29-Mar-2025 20:52:23 Asia/Manila] Required files loaded
[29-Mar-2025 20:52:23 Asia/Manila] Processing update for appointment ID: 138, status: completed
[29-Mar-2025 20:52:23 Asia/Manila] Preparing SQL: UPDATE appointments SET status = ? WHERE id = ?
[29-Mar-2025 20:52:23 Asia/Manila] Appointment status updated successfully
[29-Mar-2025 20:52:48 Asia/Manila] PHP Deprecated:  htmlspecialchars(): Passing null to parameter #1 ($string) of type string is deprecated in C:\xampp\htdocs\vibrantsmile-system\admin\dashboard.php on line 576
[29-Mar-2025 20:52:48 Asia/Manila] PHP Deprecated:  htmlspecialchars(): Passing null to parameter #1 ($string) of type string is deprecated in C:\xampp\htdocs\vibrantsmile-system\admin\dashboard.php on line 576
[29-Mar-2025 20:52:48 Asia/Manila] PHP Deprecated:  htmlspecialchars(): Passing null to parameter #1 ($string) of type string is deprecated in C:\xampp\htdocs\vibrantsmile-system\admin\dashboard.php on line 576
[29-Mar-2025 20:52:52 Asia/Manila] PHP Deprecated:  htmlspecialchars(): Passing null to parameter #1 ($string) of type string is deprecated in C:\xampp\htdocs\vibrantsmile-system\admin\dashboard.php on line 576
[29-Mar-2025 20:52:52 Asia/Manila] PHP Deprecated:  htmlspecialchars(): Passing null to parameter #1 ($string) of type string is deprecated in C:\xampp\htdocs\vibrantsmile-system\admin\dashboard.php on line 576
[29-Mar-2025 20:52:52 Asia/Manila] PHP Deprecated:  htmlspecialchars(): Passing null to parameter #1 ($string) of type string is deprecated in C:\xampp\htdocs\vibrantsmile-system\admin\dashboard.php on line 576
[29-Mar-2025 20:53:04 Asia/Manila] Fetching completed appointments for patient ID: 117
[29-Mar-2025 20:53:04 Asia/Manila] Found 1 completed appointments for patient ID: 117
[29-Mar-2025 20:53:30 Asia/Manila] PHP Deprecated:  htmlspecialchars(): Passing null to parameter #1 ($string) of type string is deprecated in C:\xampp\htdocs\vibrantsmile-system\admin\dashboard.php on line 576
[29-Mar-2025 20:53:30 Asia/Manila] PHP Deprecated:  htmlspecialchars(): Passing null to parameter #1 ($string) of type string is deprecated in C:\xampp\htdocs\vibrantsmile-system\admin\dashboard.php on line 576
[29-Mar-2025 20:53:30 Asia/Manila] PHP Deprecated:  htmlspecialchars(): Passing null to parameter #1 ($string) of type string is deprecated in C:\xampp\htdocs\vibrantsmile-system\admin\dashboard.php on line 576
[29-Mar-2025 20:53:55 Asia/Manila] PHP Deprecated:  htmlspecialchars(): Passing null to parameter #1 ($string) of type string is deprecated in C:\xampp\htdocs\vibrantsmile-system\admin\dashboard.php on line 576
[29-Mar-2025 20:53:55 Asia/Manila] PHP Deprecated:  htmlspecialchars(): Passing null to parameter #1 ($string) of type string is deprecated in C:\xampp\htdocs\vibrantsmile-system\admin\dashboard.php on line 576
[29-Mar-2025 20:53:55 Asia/Manila] PHP Deprecated:  htmlspecialchars(): Passing null to parameter #1 ($string) of type string is deprecated in C:\xampp\htdocs\vibrantsmile-system\admin\dashboard.php on line 576
[29-Mar-2025 20:54:03 Asia/Manila] PHP Deprecated:  htmlspecialchars(): Passing null to parameter #1 ($string) of type string is deprecated in C:\xampp\htdocs\vibrantsmile-system\admin\dashboard.php on line 576
[29-Mar-2025 20:54:03 Asia/Manila] PHP Deprecated:  htmlspecialchars(): Passing null to parameter #1 ($string) of type string is deprecated in C:\xampp\htdocs\vibrantsmile-system\admin\dashboard.php on line 576
[29-Mar-2025 20:54:03 Asia/Manila] PHP Deprecated:  htmlspecialchars(): Passing null to parameter #1 ($string) of type string is deprecated in C:\xampp\htdocs\vibrantsmile-system\admin\dashboard.php on line 576
[29-Mar-2025 20:54:28 Asia/Manila] PHP Deprecated:  htmlspecialchars(): Passing null to parameter #1 ($string) of type string is deprecated in C:\xampp\htdocs\vibrantsmile-system\admin\dashboard.php on line 576
[29-Mar-2025 20:54:28 Asia/Manila] PHP Deprecated:  htmlspecialchars(): Passing null to parameter #1 ($string) of type string is deprecated in C:\xampp\htdocs\vibrantsmile-system\admin\dashboard.php on line 576
[29-Mar-2025 20:54:28 Asia/Manila] PHP Deprecated:  htmlspecialchars(): Passing null to parameter #1 ($string) of type string is deprecated in C:\xampp\htdocs\vibrantsmile-system\admin\dashboard.php on line 576
[29-Mar-2025 20:54:31 Asia/Manila] PHP Deprecated:  htmlspecialchars(): Passing null to parameter #1 ($string) of type string is deprecated in C:\xampp\htdocs\vibrantsmile-system\admin\dashboard.php on line 576
[29-Mar-2025 20:54:31 Asia/Manila] PHP Deprecated:  htmlspecialchars(): Passing null to parameter #1 ($string) of type string is deprecated in C:\xampp\htdocs\vibrantsmile-system\admin\dashboard.php on line 576
[29-Mar-2025 20:54:31 Asia/Manila] PHP Deprecated:  htmlspecialchars(): Passing null to parameter #1 ($string) of type string is deprecated in C:\xampp\htdocs\vibrantsmile-system\admin\dashboard.php on line 576
[29-Mar-2025 20:56:14 Asia/Manila] PHP Deprecated:  htmlspecialchars(): Passing null to parameter #1 ($string) of type string is deprecated in C:\xampp\htdocs\vibrantsmile-system\admin\dashboard.php on line 576
[29-Mar-2025 20:56:14 Asia/Manila] PHP Deprecated:  htmlspecialchars(): Passing null to parameter #1 ($string) of type string is deprecated in C:\xampp\htdocs\vibrantsmile-system\admin\dashboard.php on line 576
[29-Mar-2025 20:56:14 Asia/Manila] PHP Deprecated:  htmlspecialchars(): Passing null to parameter #1 ($string) of type string is deprecated in C:\xampp\htdocs\vibrantsmile-system\admin\dashboard.php on line 576
[29-Mar-2025 20:56:50 Asia/Manila] PHP Fatal error:  Uncaught mysqli_sql_exception: Unknown column 's.cost' in 'field list' in C:\xampp\htdocs\vibrantsmile-system\admin\view_family.php:71
Stack trace:
#0 C:\xampp\htdocs\vibrantsmile-system\admin\view_family.php(71): mysqli_prepare(Object(mysqli), 'SELECT a.id as ...')
#1 {main}
  thrown in C:\xampp\htdocs\vibrantsmile-system\admin\view_family.php on line 71
[29-Mar-2025 20:56:57 Asia/Manila] PHP Deprecated:  htmlspecialchars(): Passing null to parameter #1 ($string) of type string is deprecated in C:\xampp\htdocs\vibrantsmile-system\admin\dashboard.php on line 576
[29-Mar-2025 20:56:57 Asia/Manila] PHP Deprecated:  htmlspecialchars(): Passing null to parameter #1 ($string) of type string is deprecated in C:\xampp\htdocs\vibrantsmile-system\admin\dashboard.php on line 576
[29-Mar-2025 20:56:57 Asia/Manila] PHP Deprecated:  htmlspecialchars(): Passing null to parameter #1 ($string) of type string is deprecated in C:\xampp\htdocs\vibrantsmile-system\admin\dashboard.php on line 576
[29-Mar-2025 20:57:39 Asia/Manila] PHP Deprecated:  htmlspecialchars(): Passing null to parameter #1 ($string) of type string is deprecated in C:\xampp\htdocs\vibrantsmile-system\admin\dashboard.php on line 576
[29-Mar-2025 20:57:39 Asia/Manila] PHP Deprecated:  htmlspecialchars(): Passing null to parameter #1 ($string) of type string is deprecated in C:\xampp\htdocs\vibrantsmile-system\admin\dashboard.php on line 576
[29-Mar-2025 20:57:39 Asia/Manila] PHP Deprecated:  htmlspecialchars(): Passing null to parameter #1 ($string) of type string is deprecated in C:\xampp\htdocs\vibrantsmile-system\admin\dashboard.php on line 576
[29-Mar-2025 20:57:48 Asia/Manila] PHP Deprecated:  htmlspecialchars(): Passing null to parameter #1 ($string) of type string is deprecated in C:\xampp\htdocs\vibrantsmile-system\admin\dashboard.php on line 576
[29-Mar-2025 20:57:48 Asia/Manila] PHP Deprecated:  htmlspecialchars(): Passing null to parameter #1 ($string) of type string is deprecated in C:\xampp\htdocs\vibrantsmile-system\admin\dashboard.php on line 576
[29-Mar-2025 20:57:48 Asia/Manila] PHP Deprecated:  htmlspecialchars(): Passing null to parameter #1 ($string) of type string is deprecated in C:\xampp\htdocs\vibrantsmile-system\admin\dashboard.php on line 576
[29-Mar-2025 20:58:38 Asia/Manila] PHP Deprecated:  htmlspecialchars(): Passing null to parameter #1 ($string) of type string is deprecated in C:\xampp\htdocs\vibrantsmile-system\admin\dashboard.php on line 576
[29-Mar-2025 20:58:38 Asia/Manila] PHP Deprecated:  htmlspecialchars(): Passing null to parameter #1 ($string) of type string is deprecated in C:\xampp\htdocs\vibrantsmile-system\admin\dashboard.php on line 576
[29-Mar-2025 20:58:38 Asia/Manila] PHP Deprecated:  htmlspecialchars(): Passing null to parameter #1 ($string) of type string is deprecated in C:\xampp\htdocs\vibrantsmile-system\admin\dashboard.php on line 576
[29-Mar-2025 20:58:42 Asia/Manila] PHP Deprecated:  htmlspecialchars(): Passing null to parameter #1 ($string) of type string is deprecated in C:\xampp\htdocs\vibrantsmile-system\admin\dashboard.php on line 576
[29-Mar-2025 20:58:42 Asia/Manila] PHP Deprecated:  htmlspecialchars(): Passing null to parameter #1 ($string) of type string is deprecated in C:\xampp\htdocs\vibrantsmile-system\admin\dashboard.php on line 576
[29-Mar-2025 20:58:42 Asia/Manila] PHP Deprecated:  htmlspecialchars(): Passing null to parameter #1 ($string) of type string is deprecated in C:\xampp\htdocs\vibrantsmile-system\admin\dashboard.php on line 576
[29-Mar-2025 20:58:45 Asia/Manila] PHP Deprecated:  htmlspecialchars(): Passing null to parameter #1 ($string) of type string is deprecated in C:\xampp\htdocs\vibrantsmile-system\admin\dashboard.php on line 576
[29-Mar-2025 20:58:45 Asia/Manila] PHP Deprecated:  htmlspecialchars(): Passing null to parameter #1 ($string) of type string is deprecated in C:\xampp\htdocs\vibrantsmile-system\admin\dashboard.php on line 576
[29-Mar-2025 20:58:45 Asia/Manila] PHP Deprecated:  htmlspecialchars(): Passing null to parameter #1 ($string) of type string is deprecated in C:\xampp\htdocs\vibrantsmile-system\admin\dashboard.php on line 576
[29-Mar-2025 20:59:23 Asia/Manila] PHP Deprecated:  htmlspecialchars(): Passing null to parameter #1 ($string) of type string is deprecated in C:\xampp\htdocs\vibrantsmile-system\admin\dashboard.php on line 577
[29-Mar-2025 20:59:23 Asia/Manila] PHP Deprecated:  htmlspecialchars(): Passing null to parameter #1 ($string) of type string is deprecated in C:\xampp\htdocs\vibrantsmile-system\admin\dashboard.php on line 577
[29-Mar-2025 20:59:23 Asia/Manila] PHP Deprecated:  htmlspecialchars(): Passing null to parameter #1 ($string) of type string is deprecated in C:\xampp\htdocs\vibrantsmile-system\admin\dashboard.php on line 577
[29-Mar-2025 20:59:24 Asia/Manila] PHP Deprecated:  htmlspecialchars(): Passing null to parameter #1 ($string) of type string is deprecated in C:\xampp\htdocs\vibrantsmile-system\admin\dashboard.php on line 577
[29-Mar-2025 20:59:24 Asia/Manila] PHP Deprecated:  htmlspecialchars(): Passing null to parameter #1 ($string) of type string is deprecated in C:\xampp\htdocs\vibrantsmile-system\admin\dashboard.php on line 577
[29-Mar-2025 20:59:24 Asia/Manila] PHP Deprecated:  htmlspecialchars(): Passing null to parameter #1 ($string) of type string is deprecated in C:\xampp\htdocs\vibrantsmile-system\admin\dashboard.php on line 577
[29-Mar-2025 20:59:36 Asia/Manila] PHP Deprecated:  htmlspecialchars(): Passing null to parameter #1 ($string) of type string is deprecated in C:\xampp\htdocs\vibrantsmile-system\admin\dashboard.php on line 577
[29-Mar-2025 20:59:36 Asia/Manila] PHP Deprecated:  htmlspecialchars(): Passing null to parameter #1 ($string) of type string is deprecated in C:\xampp\htdocs\vibrantsmile-system\admin\dashboard.php on line 577
[29-Mar-2025 20:59:36 Asia/Manila] PHP Deprecated:  htmlspecialchars(): Passing null to parameter #1 ($string) of type string is deprecated in C:\xampp\htdocs\vibrantsmile-system\admin\dashboard.php on line 577
[29-Mar-2025 20:59:52 Asia/Manila] PHP Deprecated:  htmlspecialchars(): Passing null to parameter #1 ($string) of type string is deprecated in C:\xampp\htdocs\vibrantsmile-system\admin\dashboard.php on line 577
[29-Mar-2025 20:59:52 Asia/Manila] PHP Deprecated:  htmlspecialchars(): Passing null to parameter #1 ($string) of type string is deprecated in C:\xampp\htdocs\vibrantsmile-system\admin\dashboard.php on line 577
[29-Mar-2025 20:59:52 Asia/Manila] PHP Deprecated:  htmlspecialchars(): Passing null to parameter #1 ($string) of type string is deprecated in C:\xampp\htdocs\vibrantsmile-system\admin\dashboard.php on line 577
[29-Mar-2025 21:00:07 Asia/Manila] PHP Deprecated:  htmlspecialchars(): Passing null to parameter #1 ($string) of type string is deprecated in C:\xampp\htdocs\vibrantsmile-system\admin\dashboard.php on line 577
[29-Mar-2025 21:00:07 Asia/Manila] PHP Deprecated:  htmlspecialchars(): Passing null to parameter #1 ($string) of type string is deprecated in C:\xampp\htdocs\vibrantsmile-system\admin\dashboard.php on line 577
[29-Mar-2025 21:00:07 Asia/Manila] PHP Deprecated:  htmlspecialchars(): Passing null to parameter #1 ($string) of type string is deprecated in C:\xampp\htdocs\vibrantsmile-system\admin\dashboard.php on line 577
[29-Mar-2025 21:00:15 Asia/Manila] PHP Deprecated:  htmlspecialchars(): Passing null to parameter #1 ($string) of type string is deprecated in C:\xampp\htdocs\vibrantsmile-system\admin\dashboard.php on line 577
[29-Mar-2025 21:00:15 Asia/Manila] PHP Deprecated:  htmlspecialchars(): Passing null to parameter #1 ($string) of type string is deprecated in C:\xampp\htdocs\vibrantsmile-system\admin\dashboard.php on line 577
[29-Mar-2025 21:00:15 Asia/Manila] PHP Deprecated:  htmlspecialchars(): Passing null to parameter #1 ($string) of type string is deprecated in C:\xampp\htdocs\vibrantsmile-system\admin\dashboard.php on line 577
[29-Mar-2025 21:00:38 Asia/Manila] PHP Deprecated:  htmlspecialchars(): Passing null to parameter #1 ($string) of type string is deprecated in C:\xampp\htdocs\vibrantsmile-system\admin\dashboard.php on line 577
[29-Mar-2025 21:00:38 Asia/Manila] PHP Deprecated:  htmlspecialchars(): Passing null to parameter #1 ($string) of type string is deprecated in C:\xampp\htdocs\vibrantsmile-system\admin\dashboard.php on line 577
[29-Mar-2025 21:00:38 Asia/Manila] PHP Deprecated:  htmlspecialchars(): Passing null to parameter #1 ($string) of type string is deprecated in C:\xampp\htdocs\vibrantsmile-system\admin\dashboard.php on line 577
[29-Mar-2025 21:00:51 Asia/Manila] PHP Deprecated:  htmlspecialchars(): Passing null to parameter #1 ($string) of type string is deprecated in C:\xampp\htdocs\vibrantsmile-system\admin\dashboard.php on line 577
[29-Mar-2025 21:00:51 Asia/Manila] PHP Deprecated:  htmlspecialchars(): Passing null to parameter #1 ($string) of type string is deprecated in C:\xampp\htdocs\vibrantsmile-system\admin\dashboard.php on line 577
[29-Mar-2025 21:00:51 Asia/Manila] PHP Deprecated:  htmlspecialchars(): Passing null to parameter #1 ($string) of type string is deprecated in C:\xampp\htdocs\vibrantsmile-system\admin\dashboard.php on line 577
[29-Mar-2025 21:01:11 Asia/Manila] PHP Deprecated:  htmlspecialchars(): Passing null to parameter #1 ($string) of type string is deprecated in C:\xampp\htdocs\vibrantsmile-system\admin\dashboard.php on line 577
[29-Mar-2025 21:01:11 Asia/Manila] PHP Deprecated:  htmlspecialchars(): Passing null to parameter #1 ($string) of type string is deprecated in C:\xampp\htdocs\vibrantsmile-system\admin\dashboard.php on line 577
[29-Mar-2025 21:01:11 Asia/Manila] PHP Deprecated:  htmlspecialchars(): Passing null to parameter #1 ($string) of type string is deprecated in C:\xampp\htdocs\vibrantsmile-system\admin\dashboard.php on line 577
[29-Mar-2025 21:01:11 Asia/Manila] PHP Deprecated:  htmlspecialchars(): Passing null to parameter #1 ($string) of type string is deprecated in C:\xampp\htdocs\vibrantsmile-system\admin\dashboard.php on line 577
[29-Mar-2025 21:01:11 Asia/Manila] PHP Deprecated:  htmlspecialchars(): Passing null to parameter #1 ($string) of type string is deprecated in C:\xampp\htdocs\vibrantsmile-system\admin\dashboard.php on line 577
[29-Mar-2025 21:01:11 Asia/Manila] PHP Deprecated:  htmlspecialchars(): Passing null to parameter #1 ($string) of type string is deprecated in C:\xampp\htdocs\vibrantsmile-system\admin\dashboard.php on line 577
[29-Mar-2025 21:01:11 Asia/Manila] PHP Deprecated:  htmlspecialchars(): Passing null to parameter #1 ($string) of type string is deprecated in C:\xampp\htdocs\vibrantsmile-system\admin\dashboard.php on line 577
[29-Mar-2025 21:01:11 Asia/Manila] PHP Deprecated:  htmlspecialchars(): Passing null to parameter #1 ($string) of type string is deprecated in C:\xampp\htdocs\vibrantsmile-system\admin\dashboard.php on line 577
[29-Mar-2025 21:01:11 Asia/Manila] PHP Deprecated:  htmlspecialchars(): Passing null to parameter #1 ($string) of type string is deprecated in C:\xampp\htdocs\vibrantsmile-system\admin\dashboard.php on line 577
[29-Mar-2025 21:01:18 Asia/Manila] PHP Deprecated:  htmlspecialchars(): Passing null to parameter #1 ($string) of type string is deprecated in C:\xampp\htdocs\vibrantsmile-system\admin\dashboard.php on line 577
[29-Mar-2025 21:01:18 Asia/Manila] PHP Deprecated:  htmlspecialchars(): Passing null to parameter #1 ($string) of type string is deprecated in C:\xampp\htdocs\vibrantsmile-system\admin\dashboard.php on line 577
[29-Mar-2025 21:01:18 Asia/Manila] PHP Deprecated:  htmlspecialchars(): Passing null to parameter #1 ($string) of type string is deprecated in C:\xampp\htdocs\vibrantsmile-system\admin\dashboard.php on line 577
[29-Mar-2025 21:01:21 Asia/Manila] PHP Fatal error:  Uncaught mysqli_sql_exception: Unknown column 'd.first_name' in 'field list' in C:\xampp\htdocs\vibrantsmile-system\admin\view_appointment.php:36
Stack trace:
#0 C:\xampp\htdocs\vibrantsmile-system\admin\view_appointment.php(36): mysqli_prepare(Object(mysqli), 'SELECT \r\n    a....')
#1 {main}
  thrown in C:\xampp\htdocs\vibrantsmile-system\admin\view_appointment.php on line 36
[29-Mar-2025 21:01:31 Asia/Manila] PHP Deprecated:  htmlspecialchars(): Passing null to parameter #1 ($string) of type string is deprecated in C:\xampp\htdocs\vibrantsmile-system\admin\dashboard.php on line 577
[29-Mar-2025 21:01:31 Asia/Manila] PHP Deprecated:  htmlspecialchars(): Passing null to parameter #1 ($string) of type string is deprecated in C:\xampp\htdocs\vibrantsmile-system\admin\dashboard.php on line 577
[29-Mar-2025 21:01:31 Asia/Manila] PHP Deprecated:  htmlspecialchars(): Passing null to parameter #1 ($string) of type string is deprecated in C:\xampp\htdocs\vibrantsmile-system\admin\dashboard.php on line 577
[29-Mar-2025 21:01:35 Asia/Manila] PHP Deprecated:  htmlspecialchars(): Passing null to parameter #1 ($string) of type string is deprecated in C:\xampp\htdocs\vibrantsmile-system\admin\dashboard.php on line 577
[29-Mar-2025 21:01:35 Asia/Manila] PHP Deprecated:  htmlspecialchars(): Passing null to parameter #1 ($string) of type string is deprecated in C:\xampp\htdocs\vibrantsmile-system\admin\dashboard.php on line 577
[29-Mar-2025 21:01:35 Asia/Manila] PHP Deprecated:  htmlspecialchars(): Passing null to parameter #1 ($string) of type string is deprecated in C:\xampp\htdocs\vibrantsmile-system\admin\dashboard.php on line 577
[29-Mar-2025 21:01:37 Asia/Manila] PHP Fatal error:  Uncaught mysqli_sql_exception: Unknown column 'd.first_name' in 'field list' in C:\xampp\htdocs\vibrantsmile-system\admin\view_appointment.php:36
Stack trace:
#0 C:\xampp\htdocs\vibrantsmile-system\admin\view_appointment.php(36): mysqli_prepare(Object(mysqli), 'SELECT \r\n    a....')
#1 {main}
  thrown in C:\xampp\htdocs\vibrantsmile-system\admin\view_appointment.php on line 36
[29-Mar-2025 21:01:41 Asia/Manila] PHP Deprecated:  htmlspecialchars(): Passing null to parameter #1 ($string) of type string is deprecated in C:\xampp\htdocs\vibrantsmile-system\admin\dashboard.php on line 577
[29-Mar-2025 21:01:41 Asia/Manila] PHP Deprecated:  htmlspecialchars(): Passing null to parameter #1 ($string) of type string is deprecated in C:\xampp\htdocs\vibrantsmile-system\admin\dashboard.php on line 577
[29-Mar-2025 21:01:41 Asia/Manila] PHP Deprecated:  htmlspecialchars(): Passing null to parameter #1 ($string) of type string is deprecated in C:\xampp\htdocs\vibrantsmile-system\admin\dashboard.php on line 577
[29-Mar-2025 21:02:55 Asia/Manila] PHP Deprecated:  htmlspecialchars(): Passing null to parameter #1 ($string) of type string is deprecated in C:\xampp\htdocs\vibrantsmile-system\admin\dashboard.php on line 577
[29-Mar-2025 21:02:55 Asia/Manila] PHP Deprecated:  htmlspecialchars(): Passing null to parameter #1 ($string) of type string is deprecated in C:\xampp\htdocs\vibrantsmile-system\admin\dashboard.php on line 577
[29-Mar-2025 21:02:55 Asia/Manila] PHP Deprecated:  htmlspecialchars(): Passing null to parameter #1 ($string) of type string is deprecated in C:\xampp\htdocs\vibrantsmile-system\admin\dashboard.php on line 577
[29-Mar-2025 21:02:55 Asia/Manila] PHP Deprecated:  htmlspecialchars(): Passing null to parameter #1 ($string) of type string is deprecated in C:\xampp\htdocs\vibrantsmile-system\admin\dashboard.php on line 577
[29-Mar-2025 21:02:55 Asia/Manila] PHP Deprecated:  htmlspecialchars(): Passing null to parameter #1 ($string) of type string is deprecated in C:\xampp\htdocs\vibrantsmile-system\admin\dashboard.php on line 577
[29-Mar-2025 21:02:55 Asia/Manila] PHP Deprecated:  htmlspecialchars(): Passing null to parameter #1 ($string) of type string is deprecated in C:\xampp\htdocs\vibrantsmile-system\admin\dashboard.php on line 577
[29-Mar-2025 21:02:56 Asia/Manila] PHP Deprecated:  htmlspecialchars(): Passing null to parameter #1 ($string) of type string is deprecated in C:\xampp\htdocs\vibrantsmile-system\admin\dashboard.php on line 577
[29-Mar-2025 21:02:56 Asia/Manila] PHP Deprecated:  htmlspecialchars(): Passing null to parameter #1 ($string) of type string is deprecated in C:\xampp\htdocs\vibrantsmile-system\admin\dashboard.php on line 577
[29-Mar-2025 21:02:56 Asia/Manila] PHP Deprecated:  htmlspecialchars(): Passing null to parameter #1 ($string) of type string is deprecated in C:\xampp\htdocs\vibrantsmile-system\admin\dashboard.php on line 577
[29-Mar-2025 21:02:56 Asia/Manila] PHP Deprecated:  htmlspecialchars(): Passing null to parameter #1 ($string) of type string is deprecated in C:\xampp\htdocs\vibrantsmile-system\admin\dashboard.php on line 577
[29-Mar-2025 21:02:56 Asia/Manila] PHP Deprecated:  htmlspecialchars(): Passing null to parameter #1 ($string) of type string is deprecated in C:\xampp\htdocs\vibrantsmile-system\admin\dashboard.php on line 577
[29-Mar-2025 21:02:56 Asia/Manila] PHP Deprecated:  htmlspecialchars(): Passing null to parameter #1 ($string) of type string is deprecated in C:\xampp\htdocs\vibrantsmile-system\admin\dashboard.php on line 577
[29-Mar-2025 21:02:57 Asia/Manila] PHP Deprecated:  htmlspecialchars(): Passing null to parameter #1 ($string) of type string is deprecated in C:\xampp\htdocs\vibrantsmile-system\admin\view_appointment.php on line 92
[29-Mar-2025 21:04:00 Asia/Manila] PHP Deprecated:  htmlspecialchars(): Passing null to parameter #1 ($string) of type string is deprecated in C:\xampp\htdocs\vibrantsmile-system\admin\dashboard.php on line 577
[29-Mar-2025 21:04:00 Asia/Manila] PHP Deprecated:  htmlspecialchars(): Passing null to parameter #1 ($string) of type string is deprecated in C:\xampp\htdocs\vibrantsmile-system\admin\dashboard.php on line 577
[29-Mar-2025 21:04:00 Asia/Manila] PHP Deprecated:  htmlspecialchars(): Passing null to parameter #1 ($string) of type string is deprecated in C:\xampp\htdocs\vibrantsmile-system\admin\dashboard.php on line 577
[29-Mar-2025 21:04:19 Asia/Manila] PHP Deprecated:  htmlspecialchars(): Passing null to parameter #1 ($string) of type string is deprecated in C:\xampp\htdocs\vibrantsmile-system\admin\dashboard.php on line 577
[29-Mar-2025 21:04:19 Asia/Manila] PHP Deprecated:  htmlspecialchars(): Passing null to parameter #1 ($string) of type string is deprecated in C:\xampp\htdocs\vibrantsmile-system\admin\dashboard.php on line 577
[29-Mar-2025 21:04:19 Asia/Manila] PHP Deprecated:  htmlspecialchars(): Passing null to parameter #1 ($string) of type string is deprecated in C:\xampp\htdocs\vibrantsmile-system\admin\dashboard.php on line 577
[29-Mar-2025 21:04:19 Asia/Manila] PHP Deprecated:  htmlspecialchars(): Passing null to parameter #1 ($string) of type string is deprecated in C:\xampp\htdocs\vibrantsmile-system\admin\dashboard.php on line 577
[29-Mar-2025 21:04:19 Asia/Manila] PHP Deprecated:  htmlspecialchars(): Passing null to parameter #1 ($string) of type string is deprecated in C:\xampp\htdocs\vibrantsmile-system\admin\dashboard.php on line 577
[29-Mar-2025 21:04:19 Asia/Manila] PHP Deprecated:  htmlspecialchars(): Passing null to parameter #1 ($string) of type string is deprecated in C:\xampp\htdocs\vibrantsmile-system\admin\dashboard.php on line 577
[29-Mar-2025 21:04:19 Asia/Manila] PHP Deprecated:  htmlspecialchars(): Passing null to parameter #1 ($string) of type string is deprecated in C:\xampp\htdocs\vibrantsmile-system\admin\dashboard.php on line 577
[29-Mar-2025 21:04:19 Asia/Manila] PHP Deprecated:  htmlspecialchars(): Passing null to parameter #1 ($string) of type string is deprecated in C:\xampp\htdocs\vibrantsmile-system\admin\dashboard.php on line 577
[29-Mar-2025 21:04:19 Asia/Manila] PHP Deprecated:  htmlspecialchars(): Passing null to parameter #1 ($string) of type string is deprecated in C:\xampp\htdocs\vibrantsmile-system\admin\dashboard.php on line 577
[29-Mar-2025 21:04:19 Asia/Manila] PHP Deprecated:  htmlspecialchars(): Passing null to parameter #1 ($string) of type string is deprecated in C:\xampp\htdocs\vibrantsmile-system\admin\dashboard.php on line 577
[29-Mar-2025 21:04:19 Asia/Manila] PHP Deprecated:  htmlspecialchars(): Passing null to parameter #1 ($string) of type string is deprecated in C:\xampp\htdocs\vibrantsmile-system\admin\dashboard.php on line 577
[29-Mar-2025 21:04:19 Asia/Manila] PHP Deprecated:  htmlspecialchars(): Passing null to parameter #1 ($string) of type string is deprecated in C:\xampp\htdocs\vibrantsmile-system\admin\dashboard.php on line 577
[29-Mar-2025 21:04:29 Asia/Manila] PHP Deprecated:  htmlspecialchars(): Passing null to parameter #1 ($string) of type string is deprecated in C:\xampp\htdocs\vibrantsmile-system\admin\dashboard.php on line 577
[29-Mar-2025 21:04:29 Asia/Manila] PHP Deprecated:  htmlspecialchars(): Passing null to parameter #1 ($string) of type string is deprecated in C:\xampp\htdocs\vibrantsmile-system\admin\dashboard.php on line 577
[29-Mar-2025 21:04:29 Asia/Manila] PHP Deprecated:  htmlspecialchars(): Passing null to parameter #1 ($string) of type string is deprecated in C:\xampp\htdocs\vibrantsmile-system\admin\dashboard.php on line 577
[29-Mar-2025 21:06:09 Asia/Manila] PHP Fatal error:  Uncaught mysqli_sql_exception: Unknown column 'a.id' in 'where clause' in C:\xampp\htdocs\vibrantsmile-system\admin\view_appointment.php:46
Stack trace:
#0 C:\xampp\htdocs\vibrantsmile-system\admin\view_appointment.php(46): mysqli_prepare(Object(mysqli), 'SELECT \r\n    a....')
#1 {main}
  thrown in C:\xampp\htdocs\vibrantsmile-system\admin\view_appointment.php on line 46
[29-Mar-2025 21:06:10 Asia/Manila] PHP Fatal error:  Uncaught mysqli_sql_exception: Unknown column 'a.id' in 'where clause' in C:\xampp\htdocs\vibrantsmile-system\admin\view_appointment.php:46
Stack trace:
#0 C:\xampp\htdocs\vibrantsmile-system\admin\view_appointment.php(46): mysqli_prepare(Object(mysqli), 'SELECT \r\n    a....')
#1 {main}
  thrown in C:\xampp\htdocs\vibrantsmile-system\admin\view_appointment.php on line 46
[29-Mar-2025 21:06:11 Asia/Manila] PHP Fatal error:  Uncaught mysqli_sql_exception: Unknown column 'a.id' in 'where clause' in C:\xampp\htdocs\vibrantsmile-system\admin\view_appointment.php:46
Stack trace:
#0 C:\xampp\htdocs\vibrantsmile-system\admin\view_appointment.php(46): mysqli_prepare(Object(mysqli), 'SELECT \r\n    a....')
#1 {main}
  thrown in C:\xampp\htdocs\vibrantsmile-system\admin\view_appointment.php on line 46
[29-Mar-2025 21:06:11 Asia/Manila] PHP Fatal error:  Uncaught mysqli_sql_exception: Unknown column 'a.id' in 'where clause' in C:\xampp\htdocs\vibrantsmile-system\admin\view_appointment.php:46
Stack trace:
#0 C:\xampp\htdocs\vibrantsmile-system\admin\view_appointment.php(46): mysqli_prepare(Object(mysqli), 'SELECT \r\n    a....')
#1 {main}
  thrown in C:\xampp\htdocs\vibrantsmile-system\admin\view_appointment.php on line 46
[29-Mar-2025 21:06:37 Asia/Manila] PHP Deprecated:  htmlspecialchars(): Passing null to parameter #1 ($string) of type string is deprecated in C:\xampp\htdocs\vibrantsmile-system\admin\dashboard.php on line 577
[29-Mar-2025 21:06:37 Asia/Manila] PHP Deprecated:  htmlspecialchars(): Passing null to parameter #1 ($string) of type string is deprecated in C:\xampp\htdocs\vibrantsmile-system\admin\dashboard.php on line 577
[29-Mar-2025 21:06:37 Asia/Manila] PHP Deprecated:  htmlspecialchars(): Passing null to parameter #1 ($string) of type string is deprecated in C:\xampp\htdocs\vibrantsmile-system\admin\dashboard.php on line 577
[29-Mar-2025 21:06:43 Asia/Manila] PHP Deprecated:  htmlspecialchars(): Passing null to parameter #1 ($string) of type string is deprecated in C:\xampp\htdocs\vibrantsmile-system\admin\dashboard.php on line 577
[29-Mar-2025 21:06:43 Asia/Manila] PHP Deprecated:  htmlspecialchars(): Passing null to parameter #1 ($string) of type string is deprecated in C:\xampp\htdocs\vibrantsmile-system\admin\dashboard.php on line 577
[29-Mar-2025 21:06:43 Asia/Manila] PHP Deprecated:  htmlspecialchars(): Passing null to parameter #1 ($string) of type string is deprecated in C:\xampp\htdocs\vibrantsmile-system\admin\dashboard.php on line 577
[29-Mar-2025 21:06:49 Asia/Manila] PHP Deprecated:  htmlspecialchars(): Passing null to parameter #1 ($string) of type string is deprecated in C:\xampp\htdocs\vibrantsmile-system\admin\dashboard.php on line 577
[29-Mar-2025 21:06:49 Asia/Manila] PHP Deprecated:  htmlspecialchars(): Passing null to parameter #1 ($string) of type string is deprecated in C:\xampp\htdocs\vibrantsmile-system\admin\dashboard.php on line 577
[29-Mar-2025 21:06:49 Asia/Manila] PHP Deprecated:  htmlspecialchars(): Passing null to parameter #1 ($string) of type string is deprecated in C:\xampp\htdocs\vibrantsmile-system\admin\dashboard.php on line 577
[29-Mar-2025 21:08:22 Asia/Manila] Dashboard Error: Unknown column 'a.id' in 'where clause'
[29-Mar-2025 21:08:22 Asia/Manila] PHP Fatal error:  Uncaught mysqli_sql_exception: Unknown column 'a.id' in 'where clause' in C:\xampp\htdocs\vibrantsmile-system\admin\dashboard.php:557
Stack trace:
#0 C:\xampp\htdocs\vibrantsmile-system\admin\dashboard.php(557): mysqli_query(Object(mysqli), 'SELECT \n       ...')
#1 {main}
  thrown in C:\xampp\htdocs\vibrantsmile-system\admin\dashboard.php on line 557
[29-Mar-2025 21:32:39 Asia/Manila] Dashboard Error: Unknown column 'a.id' in 'where clause'
[29-Mar-2025 21:32:39 Asia/Manila] PHP Fatal error:  Uncaught mysqli_sql_exception: Unknown column 'a.id' in 'where clause' in C:\xampp\htdocs\vibrantsmile-system\admin\dashboard.php:406
Stack trace:
#0 C:\xampp\htdocs\vibrantsmile-system\admin\dashboard.php(406): mysqli_query(Object(mysqli), 'SELECT \n       ...')
#1 {main}
  thrown in C:\xampp\htdocs\vibrantsmile-system\admin\dashboard.php on line 406
[29-Mar-2025 21:32:39 Asia/Manila] Dashboard Error: Unknown column 'a.id' in 'where clause'
[29-Mar-2025 21:32:39 Asia/Manila] PHP Fatal error:  Uncaught mysqli_sql_exception: Unknown column 'a.id' in 'where clause' in C:\xampp\htdocs\vibrantsmile-system\admin\dashboard.php:406
Stack trace:
#0 C:\xampp\htdocs\vibrantsmile-system\admin\dashboard.php(406): mysqli_query(Object(mysqli), 'SELECT \n       ...')
#1 {main}
  thrown in C:\xampp\htdocs\vibrantsmile-system\admin\dashboard.php on line 406
[29-Mar-2025 21:32:40 Asia/Manila] Dashboard Error: Unknown column 'a.id' in 'where clause'
[29-Mar-2025 21:32:40 Asia/Manila] PHP Fatal error:  Uncaught mysqli_sql_exception: Unknown column 'a.id' in 'where clause' in C:\xampp\htdocs\vibrantsmile-system\admin\dashboard.php:406
Stack trace:
#0 C:\xampp\htdocs\vibrantsmile-system\admin\dashboard.php(406): mysqli_query(Object(mysqli), 'SELECT \n       ...')
#1 {main}
  thrown in C:\xampp\htdocs\vibrantsmile-system\admin\dashboard.php on line 406
[29-Mar-2025 21:32:40 Asia/Manila] Dashboard Error: Unknown column 'a.id' in 'where clause'
[29-Mar-2025 21:32:40 Asia/Manila] PHP Fatal error:  Uncaught mysqli_sql_exception: Unknown column 'a.id' in 'where clause' in C:\xampp\htdocs\vibrantsmile-system\admin\dashboard.php:406
Stack trace:
#0 C:\xampp\htdocs\vibrantsmile-system\admin\dashboard.php(406): mysqli_query(Object(mysqli), 'SELECT \n       ...')
#1 {main}
  thrown in C:\xampp\htdocs\vibrantsmile-system\admin\dashboard.php on line 406
[29-Mar-2025 21:32:40 Asia/Manila] Dashboard Error: Unknown column 'a.id' in 'where clause'
[29-Mar-2025 21:32:40 Asia/Manila] PHP Fatal error:  Uncaught mysqli_sql_exception: Unknown column 'a.id' in 'where clause' in C:\xampp\htdocs\vibrantsmile-system\admin\dashboard.php:406
Stack trace:
#0 C:\xampp\htdocs\vibrantsmile-system\admin\dashboard.php(406): mysqli_query(Object(mysqli), 'SELECT \n       ...')
#1 {main}
  thrown in C:\xampp\htdocs\vibrantsmile-system\admin\dashboard.php on line 406
[29-Mar-2025 21:32:40 Asia/Manila] Dashboard Error: Unknown column 'a.id' in 'where clause'
[29-Mar-2025 21:32:40 Asia/Manila] PHP Fatal error:  Uncaught mysqli_sql_exception: Unknown column 'a.id' in 'where clause' in C:\xampp\htdocs\vibrantsmile-system\admin\dashboard.php:406
Stack trace:
#0 C:\xampp\htdocs\vibrantsmile-system\admin\dashboard.php(406): mysqli_query(Object(mysqli), 'SELECT \n       ...')
#1 {main}
  thrown in C:\xampp\htdocs\vibrantsmile-system\admin\dashboard.php on line 406
[29-Mar-2025 21:34:22 Asia/Manila] Dashboard Error: Unknown column 'a.id' in 'where clause'
[29-Mar-2025 21:34:22 Asia/Manila] PHP Fatal error:  Uncaught mysqli_sql_exception: Unknown column 'a.id' in 'where clause' in C:\xampp\htdocs\vibrantsmile-system\admin\dashboard.php:402
Stack trace:
#0 C:\xampp\htdocs\vibrantsmile-system\admin\dashboard.php(402): mysqli_query(Object(mysqli), 'SELECT \n       ...')
#1 {main}
  thrown in C:\xampp\htdocs\vibrantsmile-system\admin\dashboard.php on line 402
[29-Mar-2025 21:34:24 Asia/Manila] Dashboard Error: Unknown column 'a.id' in 'where clause'
[29-Mar-2025 21:34:24 Asia/Manila] PHP Fatal error:  Uncaught mysqli_sql_exception: Unknown column 'a.id' in 'where clause' in C:\xampp\htdocs\vibrantsmile-system\admin\dashboard.php:402
Stack trace:
#0 C:\xampp\htdocs\vibrantsmile-system\admin\dashboard.php(402): mysqli_query(Object(mysqli), 'SELECT \n       ...')
#1 {main}
  thrown in C:\xampp\htdocs\vibrantsmile-system\admin\dashboard.php on line 402
[29-Mar-2025 21:34:26 Asia/Manila] Dashboard Error: Unknown column 'a.id' in 'where clause'
[29-Mar-2025 21:34:26 Asia/Manila] PHP Fatal error:  Uncaught mysqli_sql_exception: Unknown column 'a.id' in 'where clause' in C:\xampp\htdocs\vibrantsmile-system\admin\dashboard.php:402
Stack trace:
#0 C:\xampp\htdocs\vibrantsmile-system\admin\dashboard.php(402): mysqli_query(Object(mysqli), 'SELECT \n       ...')
#1 {main}
  thrown in C:\xampp\htdocs\vibrantsmile-system\admin\dashboard.php on line 402
[29-Mar-2025 21:34:26 Asia/Manila] Dashboard Error: Unknown column 'a.id' in 'where clause'
[29-Mar-2025 21:34:26 Asia/Manila] PHP Fatal error:  Uncaught mysqli_sql_exception: Unknown column 'a.id' in 'where clause' in C:\xampp\htdocs\vibrantsmile-system\admin\dashboard.php:402
Stack trace:
#0 C:\xampp\htdocs\vibrantsmile-system\admin\dashboard.php(402): mysqli_query(Object(mysqli), 'SELECT \n       ...')
#1 {main}
  thrown in C:\xampp\htdocs\vibrantsmile-system\admin\dashboard.php on line 402
[29-Mar-2025 21:34:27 Asia/Manila] Dashboard Error: Unknown column 'a.id' in 'where clause'
[29-Mar-2025 21:34:27 Asia/Manila] PHP Fatal error:  Uncaught mysqli_sql_exception: Unknown column 'a.id' in 'where clause' in C:\xampp\htdocs\vibrantsmile-system\admin\dashboard.php:402
Stack trace:
#0 C:\xampp\htdocs\vibrantsmile-system\admin\dashboard.php(402): mysqli_query(Object(mysqli), 'SELECT \n       ...')
#1 {main}
  thrown in C:\xampp\htdocs\vibrantsmile-system\admin\dashboard.php on line 402
[29-Mar-2025 21:34:34 Asia/Manila] Dashboard Error: Unknown column 'a.id' in 'where clause'
[29-Mar-2025 21:34:34 Asia/Manila] PHP Fatal error:  Uncaught mysqli_sql_exception: Unknown column 'a.id' in 'where clause' in C:\xampp\htdocs\vibrantsmile-system\admin\dashboard.php:402
Stack trace:
#0 C:\xampp\htdocs\vibrantsmile-system\admin\dashboard.php(402): mysqli_query(Object(mysqli), 'SELECT \n       ...')
#1 {main}
  thrown in C:\xampp\htdocs\vibrantsmile-system\admin\dashboard.php on line 402
[29-Mar-2025 21:34:34 Asia/Manila] Dashboard Error: Unknown column 'a.id' in 'where clause'
[29-Mar-2025 21:34:34 Asia/Manila] PHP Fatal error:  Uncaught mysqli_sql_exception: Unknown column 'a.id' in 'where clause' in C:\xampp\htdocs\vibrantsmile-system\admin\dashboard.php:402
Stack trace:
#0 C:\xampp\htdocs\vibrantsmile-system\admin\dashboard.php(402): mysqli_query(Object(mysqli), 'SELECT \n       ...')
#1 {main}
  thrown in C:\xampp\htdocs\vibrantsmile-system\admin\dashboard.php on line 402
[29-Mar-2025 21:34:44 Asia/Manila] Dashboard Error: Unknown column 'a.id' in 'where clause'
[29-Mar-2025 21:34:44 Asia/Manila] PHP Fatal error:  Uncaught mysqli_sql_exception: Unknown column 'a.id' in 'where clause' in C:\xampp\htdocs\vibrantsmile-system\admin\dashboard.php:402
Stack trace:
#0 C:\xampp\htdocs\vibrantsmile-system\admin\dashboard.php(402): mysqli_query(Object(mysqli), 'SELECT \n       ...')
#1 {main}
  thrown in C:\xampp\htdocs\vibrantsmile-system\admin\dashboard.php on line 402
[29-Mar-2025 21:34:44 Asia/Manila] Dashboard Error: Unknown column 'a.id' in 'where clause'
[29-Mar-2025 21:34:44 Asia/Manila] PHP Fatal error:  Uncaught mysqli_sql_exception: Unknown column 'a.id' in 'where clause' in C:\xampp\htdocs\vibrantsmile-system\admin\dashboard.php:402
Stack trace:
#0 C:\xampp\htdocs\vibrantsmile-system\admin\dashboard.php(402): mysqli_query(Object(mysqli), 'SELECT \n       ...')
#1 {main}
  thrown in C:\xampp\htdocs\vibrantsmile-system\admin\dashboard.php on line 402
[29-Mar-2025 21:34:44 Asia/Manila] Dashboard Error: Unknown column 'a.id' in 'where clause'
[29-Mar-2025 21:34:44 Asia/Manila] PHP Fatal error:  Uncaught mysqli_sql_exception: Unknown column 'a.id' in 'where clause' in C:\xampp\htdocs\vibrantsmile-system\admin\dashboard.php:402
Stack trace:
#0 C:\xampp\htdocs\vibrantsmile-system\admin\dashboard.php(402): mysqli_query(Object(mysqli), 'SELECT \n       ...')
#1 {main}
  thrown in C:\xampp\htdocs\vibrantsmile-system\admin\dashboard.php on line 402
[29-Mar-2025 21:34:45 Asia/Manila] Dashboard Error: Unknown column 'a.id' in 'where clause'
[29-Mar-2025 21:34:45 Asia/Manila] PHP Fatal error:  Uncaught mysqli_sql_exception: Unknown column 'a.id' in 'where clause' in C:\xampp\htdocs\vibrantsmile-system\admin\dashboard.php:402
Stack trace:
#0 C:\xampp\htdocs\vibrantsmile-system\admin\dashboard.php(402): mysqli_query(Object(mysqli), 'SELECT \n       ...')
#1 {main}
  thrown in C:\xampp\htdocs\vibrantsmile-system\admin\dashboard.php on line 402
[29-Mar-2025 21:34:45 Asia/Manila] Dashboard Error: Unknown column 'a.id' in 'where clause'
[29-Mar-2025 21:34:45 Asia/Manila] PHP Fatal error:  Uncaught mysqli_sql_exception: Unknown column 'a.id' in 'where clause' in C:\xampp\htdocs\vibrantsmile-system\admin\dashboard.php:402
Stack trace:
#0 C:\xampp\htdocs\vibrantsmile-system\admin\dashboard.php(402): mysqli_query(Object(mysqli), 'SELECT \n       ...')
#1 {main}
  thrown in C:\xampp\htdocs\vibrantsmile-system\admin\dashboard.php on line 402
[29-Mar-2025 21:35:32 Asia/Manila] Recent Appointments Error: Unknown column 'a.id' in 'where clause'
[29-Mar-2025 21:35:32 Asia/Manila] Recent Appointments Error: Unknown column 'a.id' in 'where clause'
[29-Mar-2025 21:35:39 Asia/Manila] Recent Appointments Error: Unknown column 'a.id' in 'where clause'
[29-Mar-2025 21:35:51 Asia/Manila] Required files loaded
[29-Mar-2025 21:35:51 Asia/Manila] Processing update for appointment ID: 138, status: approved
[29-Mar-2025 21:35:51 Asia/Manila] Preparing SQL: UPDATE appointments SET status = ? WHERE id = ?
[29-Mar-2025 21:35:51 Asia/Manila] Appointment status updated successfully
[29-Mar-2025 21:35:59 Asia/Manila] Recent Appointments Error: Unknown column 'a.id' in 'where clause'
[29-Mar-2025 21:36:01 Asia/Manila] Recent Appointments Error: Unknown column 'a.id' in 'where clause'
[29-Mar-2025 21:36:02 Asia/Manila] Recent Appointments Error: Unknown column 'a.id' in 'where clause'
[29-Mar-2025 21:36:02 Asia/Manila] Recent Appointments Error: Unknown column 'a.id' in 'where clause'
[29-Mar-2025 21:36:02 Asia/Manila] Recent Appointments Error: Unknown column 'a.id' in 'where clause'
[29-Mar-2025 21:36:30 Asia/Manila] Required files loaded
[29-Mar-2025 21:36:30 Asia/Manila] Processing update for appointment ID: 138, status: approved
[29-Mar-2025 21:36:30 Asia/Manila] Preparing SQL: UPDATE appointments SET status = ? WHERE id = ?
[29-Mar-2025 21:36:30 Asia/Manila] Appointment status updated successfully
[29-Mar-2025 21:36:33 Asia/Manila] Required files loaded
[29-Mar-2025 21:36:33 Asia/Manila] Processing update for appointment ID: 138, status: completed
[29-Mar-2025 21:36:33 Asia/Manila] Preparing SQL: UPDATE appointments SET status = ? WHERE id = ?
[29-Mar-2025 21:36:33 Asia/Manila] Appointment status updated successfully
[29-Mar-2025 21:36:36 Asia/Manila] Required files loaded
[29-Mar-2025 21:36:36 Asia/Manila] Processing update for appointment ID: 139, status: approved
[29-Mar-2025 21:36:36 Asia/Manila] Preparing SQL: UPDATE appointments SET status = ? WHERE id = ?
[29-Mar-2025 21:36:36 Asia/Manila] Appointment status updated successfully
[29-Mar-2025 21:36:41 Asia/Manila] Required files loaded
[29-Mar-2025 21:36:41 Asia/Manila] Processing update for appointment ID: 139, status: completed
[29-Mar-2025 21:36:41 Asia/Manila] Preparing SQL: UPDATE appointments SET status = ? WHERE id = ?
[29-Mar-2025 21:36:41 Asia/Manila] Appointment status updated successfully
[29-Mar-2025 21:47:39 Asia/Manila] Required files loaded
[29-Mar-2025 21:47:39 Asia/Manila] Processing update for appointment ID: 138, status: completed
[29-Mar-2025 21:47:39 Asia/Manila] Preparing SQL: UPDATE appointments SET status = ? WHERE id = ?
[29-Mar-2025 21:47:39 Asia/Manila] Appointment status updated successfully
[29-Mar-2025 21:48:11 Asia/Manila] Required files loaded
[29-Mar-2025 21:48:11 Asia/Manila] Processing update for appointment ID: 138, status: approved
[29-Mar-2025 21:48:11 Asia/Manila] Preparing SQL: UPDATE appointments SET status = ? WHERE id = ?
[29-Mar-2025 21:48:11 Asia/Manila] Appointment status updated successfully
[29-Mar-2025 21:54:14 Asia/Manila] Appointment ID: 139, Services: 
[29-Mar-2025 21:54:14 Asia/Manila] Displaying appointment ID: 139
[29-Mar-2025 21:54:14 Asia/Manila] Services for appointment: 
[29-Mar-2025 21:54:15 Asia/Manila] Appointment ID: 139, Services: 
[29-Mar-2025 21:54:15 Asia/Manila] Displaying appointment ID: 139
[29-Mar-2025 21:54:15 Asia/Manila] Services for appointment: 
[29-Mar-2025 21:54:15 Asia/Manila] Appointment ID: 139, Services: 
[29-Mar-2025 21:54:15 Asia/Manila] Displaying appointment ID: 139
[29-Mar-2025 21:54:15 Asia/Manila] Services for appointment: 
[29-Mar-2025 21:54:15 Asia/Manila] Appointment ID: 139, Services: 
[29-Mar-2025 21:54:15 Asia/Manila] Displaying appointment ID: 139
[29-Mar-2025 21:54:15 Asia/Manila] Services for appointment: 
[29-Mar-2025 21:54:16 Asia/Manila] Appointment ID: 139, Services: 
[29-Mar-2025 21:54:16 Asia/Manila] Displaying appointment ID: 139
[29-Mar-2025 21:54:16 Asia/Manila] Services for appointment: 
[29-Mar-2025 21:54:16 Asia/Manila] Appointment ID: 139, Services: 
[29-Mar-2025 21:54:16 Asia/Manila] Displaying appointment ID: 139
[29-Mar-2025 21:54:16 Asia/Manila] Services for appointment: 
[29-Mar-2025 21:54:16 Asia/Manila] Appointment ID: 139, Services: 
[29-Mar-2025 21:54:16 Asia/Manila] Displaying appointment ID: 139
[29-Mar-2025 21:54:16 Asia/Manila] Services for appointment: 
[29-Mar-2025 21:54:16 Asia/Manila] Appointment ID: 139, Services: 
[29-Mar-2025 21:54:16 Asia/Manila] Displaying appointment ID: 139
[29-Mar-2025 21:54:16 Asia/Manila] Services for appointment: 
[29-Mar-2025 21:54:16 Asia/Manila] Appointment ID: 139, Services: 
[29-Mar-2025 21:54:16 Asia/Manila] Displaying appointment ID: 139
[29-Mar-2025 21:54:16 Asia/Manila] Services for appointment: 
[29-Mar-2025 21:54:17 Asia/Manila] Appointment ID: 139, Services: 
[29-Mar-2025 21:54:17 Asia/Manila] Displaying appointment ID: 139
[29-Mar-2025 21:54:17 Asia/Manila] Services for appointment: 
[29-Mar-2025 21:54:17 Asia/Manila] Appointment ID: 139, Services: 
[29-Mar-2025 21:54:17 Asia/Manila] Displaying appointment ID: 139
[29-Mar-2025 21:54:17 Asia/Manila] Services for appointment: 
[29-Mar-2025 21:54:17 Asia/Manila] Appointment ID: 139, Services: 
[29-Mar-2025 21:54:17 Asia/Manila] Displaying appointment ID: 139
[29-Mar-2025 21:54:17 Asia/Manila] Services for appointment: 
[29-Mar-2025 21:54:17 Asia/Manila] Appointment ID: 139, Services: 
[29-Mar-2025 21:54:17 Asia/Manila] Displaying appointment ID: 139
[29-Mar-2025 21:54:17 Asia/Manila] Services for appointment: 
[29-Mar-2025 21:54:56 Asia/Manila] Required files loaded
[29-Mar-2025 21:54:56 Asia/Manila] Processing update for appointment ID: 138, status: completed
[29-Mar-2025 21:54:56 Asia/Manila] Preparing SQL: UPDATE appointments SET status = ? WHERE id = ?
[29-Mar-2025 21:54:56 Asia/Manila] Appointment status updated successfully
[29-Mar-2025 22:00:22 Asia/Manila] PHP Fatal error:  Uncaught mysqli_sql_exception: Unknown column 's.cost' in 'field list' in C:\xampp\htdocs\vibrantsmile-system\admin\view_family.php:71
Stack trace:
#0 C:\xampp\htdocs\vibrantsmile-system\admin\view_family.php(71): mysqli_prepare(Object(mysqli), 'SELECT a.id as ...')
#1 {main}
  thrown in C:\xampp\htdocs\vibrantsmile-system\admin\view_family.php on line 71
[29-Mar-2025 22:00:27 Asia/Manila] PHP Fatal error:  Uncaught mysqli_sql_exception: Unknown column 's.cost' in 'field list' in C:\xampp\htdocs\vibrantsmile-system\admin\view_family.php:71
Stack trace:
#0 C:\xampp\htdocs\vibrantsmile-system\admin\view_family.php(71): mysqli_prepare(Object(mysqli), 'SELECT a.id as ...')
#1 {main}
  thrown in C:\xampp\htdocs\vibrantsmile-system\admin\view_family.php on line 71
[29-Mar-2025 22:01:32 Asia/Manila] PHP Fatal error:  Uncaught mysqli_sql_exception: Unknown column 'd.bio' in 'field list' in C:\xampp\htdocs\vibrantsmile-system\admin\schedule_family.php:66
Stack trace:
#0 C:\xampp\htdocs\vibrantsmile-system\admin\schedule_family.php(66): mysqli_query(Object(mysqli), 'SELECT d.id, d....')
#1 {main}
  thrown in C:\xampp\htdocs\vibrantsmile-system\admin\schedule_family.php on line 66
[29-Mar-2025 22:05:17 Asia/Manila] Appointment ID: 139, Services: 
[29-Mar-2025 22:05:17 Asia/Manila] Displaying appointment ID: 139
[29-Mar-2025 22:05:17 Asia/Manila] Services for appointment: 
[29-Mar-2025 22:05:25 Asia/Manila] Appointment ID: 138, Services: 
[29-Mar-2025 22:05:25 Asia/Manila] Displaying appointment ID: 138
[29-Mar-2025 22:05:25 Asia/Manila] Services for appointment: 
[29-Mar-2025 22:05:31 Asia/Manila] Appointment ID: 139, Services: 
[29-Mar-2025 22:05:31 Asia/Manila] Displaying appointment ID: 139
[29-Mar-2025 22:05:31 Asia/Manila] Services for appointment: 
[29-Mar-2025 22:11:00 Asia/Manila] Appointment ID: 139, Services: 
[29-Mar-2025 22:11:00 Asia/Manila] Displaying appointment ID: 139
[29-Mar-2025 22:11:00 Asia/Manila] Services for appointment: 
[29-Mar-2025 22:12:16 Asia/Manila] Appointment ID: 139, Services: 
[29-Mar-2025 22:12:16 Asia/Manila] Displaying appointment ID: 139
[29-Mar-2025 22:12:16 Asia/Manila] Services for appointment: 
[29-Mar-2025 22:57:44 Asia/Manila] Fetching completed appointments for patient ID: 117
[29-Mar-2025 22:57:44 Asia/Manila] Found 1 completed appointments for patient ID: 117
[29-Mar-2025 22:57:47 Asia/Manila] Fetching completed appointments for patient ID: 61
[29-Mar-2025 22:57:47 Asia/Manila] Found 4 completed appointments for patient ID: 61
[29-Mar-2025 22:58:39 Asia/Manila] Fetching completed appointments for patient ID: 117
[29-Mar-2025 22:58:39 Asia/Manila] Found 1 completed appointments for patient ID: 117
[29-Mar-2025 22:58:55 Asia/Manila] Fetching completed appointments for patient ID: 117
[29-Mar-2025 22:58:55 Asia/Manila] Found 1 completed appointments for patient ID: 117
[29-Mar-2025 22:58:57 Asia/Manila] Fetching completed appointments for patient ID: 61
[29-Mar-2025 22:58:57 Asia/Manila] Found 4 completed appointments for patient ID: 61
[29-Mar-2025 23:05:20 Asia/Manila] Fetching completed appointments for patient ID: 117
[29-Mar-2025 23:05:20 Asia/Manila] Found 1 completed appointments for patient ID: 117
[29-Mar-2025 23:06:28 Asia/Manila] Fetching completed appointments for patient ID: 123
[29-Mar-2025 23:06:28 Asia/Manila] Found 1 completed appointments for patient ID: 123
[29-Mar-2025 23:11:33 Asia/Manila] Fetching completed appointments for patient ID: 61
[29-Mar-2025 23:11:33 Asia/Manila] Found 4 completed appointments for patient ID: 61
[29-Mar-2025 23:20:56 Asia/Manila] Required files loaded
[29-Mar-2025 23:20:56 Asia/Manila] Processing update for appointment ID: 140, status: cancelled
[29-Mar-2025 23:20:56 Asia/Manila] Preparing SQL: UPDATE appointments SET status = ? WHERE id = ?
[29-Mar-2025 23:20:56 Asia/Manila] Appointment status updated successfully
[30-Mar-2025 13:16:59 Asia/Manila] Fetching completed appointments for patient ID: 123
[30-Mar-2025 13:16:59 Asia/Manila] Found 1 completed appointments for patient ID: 123
[30-Mar-2025 13:17:05 Asia/Manila] Fetching completed appointments for patient ID: 61
[30-Mar-2025 13:17:05 Asia/Manila] Found 4 completed appointments for patient ID: 61
[30-Mar-2025 23:02:22 Asia/Manila] Required files loaded
[30-Mar-2025 23:02:22 Asia/Manila] Processing update for appointment ID: 141, status: approved
[30-Mar-2025 23:02:22 Asia/Manila] Preparing SQL: UPDATE appointments SET status = ? WHERE id = ?
[30-Mar-2025 23:02:22 Asia/Manila] Appointment status updated successfully
[30-Mar-2025 23:02:26 Asia/Manila] Required files loaded
[30-Mar-2025 23:02:26 Asia/Manila] Processing update for appointment ID: 141, status: completed
[30-Mar-2025 23:02:26 Asia/Manila] Preparing SQL: UPDATE appointments SET status = ? WHERE id = ?
[30-Mar-2025 23:02:26 Asia/Manila] Appointment status updated successfully
[01-Apr-2025 20:20:23 Asia/Manila] Fetching completed appointments for patient ID: 123
[01-Apr-2025 20:20:23 Asia/Manila] Found 1 completed appointments for patient ID: 123
[01-Apr-2025 20:34:29 Asia/Manila] Appointment ID: 139, Services: 
[01-Apr-2025 20:34:29 Asia/Manila] Appointment ID: 141, Services: 
[01-Apr-2025 20:34:29 Asia/Manila] Displaying appointment ID: 139
[01-Apr-2025 20:34:29 Asia/Manila] Services for appointment: 
[01-Apr-2025 20:34:29 Asia/Manila] Displaying appointment ID: 141
[01-Apr-2025 20:34:29 Asia/Manila] Services for appointment: 
[01-Apr-2025 20:35:47 Asia/Manila] PHP Fatal error:  Uncaught mysqli_sql_exception: Unknown column 'd.bio' in 'field list' in C:\xampp\htdocs\vibrantsmile-system\admin\schedule_family.php:66
Stack trace:
#0 C:\xampp\htdocs\vibrantsmile-system\admin\schedule_family.php(66): mysqli_query(Object(mysqli), 'SELECT d.id, d....')
#1 {main}
  thrown in C:\xampp\htdocs\vibrantsmile-system\admin\schedule_family.php on line 66
